// Jest Snapshot v1, https://goo.gl/fbAQLP

exports[`should render UsersPage component 1`] = `ShallowWrapper {}`;
