// Jest Snapshot v1, https://goo.gl/fbAQLP

exports[`should render BrandsPage component 1`] = `ShallowWrapper {}`;
